1>2>#  --- Creamos ListaLDE de 4 jugadores ---.
3>4>5>6>7>8>9>10>11>12>13>14>15>16>17>18>19>20>21>22>23>24>25>26>27>28>29>30>31>32>33>34>35>#  --- Fin creacion ListaLDE de jugadores (5 - 8) ---.
36>La cantidad de jugadores en la lista es: 4.
37>Jugador 6:  Juan, Uruguay, 21 años
Jugada: 1 
Movimientos: Derecha Izquierda Arriba Abajo 
1/12/2022
Jugador 5:  Roberto, Brasil, 19 años
Jugada: 1 
Movimientos: Abajo Arriba Izquierda Derecha 
Jugada: 2 
Movimientos: Izquierda Izquierda Arriba Abajo 
Jugada: 3 
Movimientos: Arriba Izquierda Izquierda Derecha 
5/12/2022
Jugador 7:  Luis, Uruguay, 21 años
Jugada: 1 
Movimientos: Derecha Derecha Derecha Derecha 
Jugada: 2 
Movimientos: Izquierda Izquierda Izquierda Izquierda 
Jugada: 3 
Movimientos: Izquierda Arriba Abajo Abajo 
1/1/2023
Jugador 8:  Andres, Argentina, 21 años
Jugada: 2 
Movimientos: Izquierda Izquierda Izquierda Izquierda 
Jugada: 3 
Movimientos: Izquierda Arriba Abajo Abajo 
Jugada: 4 
Movimientos: Arriba Arriba Izquierda Izquierda 
6/1/2023
38>La jugador con id 3 NO está en la lista.
39>La jugador con id 5 está en la lista.
40>La jugador con id 6 está en la lista.
41>La jugador con id 0 NO está en la lista.
42>Jugador 7:  Luis, Uruguay, 21 años
Jugada: 1 
Movimientos: Derecha Derecha Derecha Derecha 
Jugada: 2 
Movimientos: Izquierda Izquierda Izquierda Izquierda 
Jugada: 3 
Movimientos: Izquierda Arriba Abajo Abajo 
43>44>45>La cantidad de jugadores en la lista es: 3.
46>Jugador 6:  Juan, Uruguay, 21 años
Jugada: 1 
Movimientos: Derecha Izquierda Arriba Abajo 
1/12/2022
Jugador 5:  Roberto, Brasil, 19 años
Jugada: 1 
Movimientos: Abajo Arriba Izquierda Derecha 
Jugada: 2 
Movimientos: Izquierda Izquierda Arriba Abajo 
Jugada: 3 
Movimientos: Arriba Izquierda Izquierda Derecha 
5/12/2022
Jugador 7:  Luis, Uruguay, 21 años
Jugada: 1 
Movimientos: Derecha Derecha Derecha Derecha 
Jugada: 2 
Movimientos: Izquierda Izquierda Izquierda Izquierda 
Jugada: 3 
Movimientos: Izquierda Arriba Abajo Abajo 
1/1/2023
47>48>La jugador con id 6 NO está en la lista.
49>Jugador 5:  Roberto, Brasil, 19 años
Jugada: 1 
Movimientos: Abajo Arriba Izquierda Derecha 
Jugada: 2 
Movimientos: Izquierda Izquierda Arriba Abajo 
Jugada: 3 
Movimientos: Arriba Izquierda Izquierda Derecha 
50>La cantidad de jugadores en la lista es: 2.
51>Jugador 7:  Luis, Uruguay, 21 años
Jugada: 1 
Movimientos: Derecha Derecha Derecha Derecha 
Jugada: 2 
Movimientos: Izquierda Izquierda Izquierda Izquierda 
Jugada: 3 
Movimientos: Izquierda Arriba Abajo Abajo 
1/1/2023
Jugador 5:  Roberto, Brasil, 19 años
Jugada: 1 
Movimientos: Abajo Arriba Izquierda Derecha 
Jugada: 2 
Movimientos: Izquierda Izquierda Arriba Abajo 
Jugada: 3 
Movimientos: Arriba Izquierda Izquierda Derecha 
5/12/2022
52>Comando no reconocido.
53>Comando no reconocido.
54>#  La lista queda vacía.
55>La cantidad de jugadores en la lista es: 2.
56>Jugador 7:  Luis, Uruguay, 21 años
Jugada: 1 
Movimientos: Derecha Derecha Derecha Derecha 
Jugada: 2 
Movimientos: Izquierda Izquierda Izquierda Izquierda 
Jugada: 3 
Movimientos: Izquierda Arriba Abajo Abajo 
1/1/2023
Jugador 5:  Roberto, Brasil, 19 años
Jugada: 1 
Movimientos: Abajo Arriba Izquierda Derecha 
Jugada: 2 
Movimientos: Izquierda Izquierda Arriba Abajo 
Jugada: 3 
Movimientos: Arriba Izquierda Izquierda Derecha 
5/12/2022
57>58>Jugador 7:  Luis, Uruguay, 21 años
Jugada: 1 
Movimientos: Derecha Derecha Derecha Derecha 
Jugada: 2 
Movimientos: Izquierda Izquierda Izquierda Izquierda 
Jugada: 3 
Movimientos: Izquierda Arriba Abajo Abajo 
1/1/2023
Jugador 5:  Roberto, Brasil, 19 años
Jugada: 1 
Movimientos: Abajo Arriba Izquierda Derecha 
Jugada: 2 
Movimientos: Izquierda Izquierda Arriba Abajo 
Jugada: 3 
Movimientos: Arriba Izquierda Izquierda Derecha 
5/12/2022
Jugador 3: Maria, Australia, 22 años
7/5/2002
Jugador 2: Pedro, China, 21 años
2/5/2002
Jugador 1: Juan, Uruguay, 20 años
26/1/1999
59>La cantidad de jugadores en la lista es: 5.
60>61>Fin.
