1>2>El árbol de jugadores está vacío.
3>4>5>#  -- Primer jugador Juan --.
6>7>8>9>10>El árbol de jugadores NO está vacío.
11>#  -- Segundo jugador Roberto --.
12>13>14>15>16>17>18>19>20>El árbol de jugadores NO está vacío.
21>#  -- Tercer jugador Luis --.
22>23>24>25>26>27>28>29>30>El árbol de jugadores NO está vacío.
31>32>Fin.
