1>2>#  -- Primer jugador Juan 1 --.
3>4>5>6>7>#  -- Segundo jugador Roberto 2 --.
8>9>10>11>12>#  -- Tercer jugador Luis 3 --.
13>14>15>16>17>La jugador con id 3 está en el árbol de jugadores.
18>La jugador con id 5 NO está en el árbol de jugadores.
19>La jugador con id 2 está en el árbol de jugadores.
20>La jugador con id 0 NO está en el árbol de jugadores.
21>Jugador 3:  Luis, Uruguay, 21 años
Jugada: 1 
Movimientos: Derecha Derecha Derecha Derecha 
22>Jugador 1:  Juan, Uruguay, 21 años
Jugada: 1 
Movimientos: Derecha Izquierda Arriba Abajo 
23>24>Fin.
