1>2>#  -- Primer jugador Juan 1 --.
3>4>5>6>7>#  arbol con 1 elemento.
8>El jugador con mayor id en el árbol es: 
Jugador 1:  Juan, Uruguay, 21 años
Jugada: 1 
Movimientos: Derecha Izquierda Arriba Abajo 
9>#  -- Segundo jugador Roberto 5 --.
10>11>12>13>14>#  -- Tercer jugador Luis 7 --.
15>16>17>18>19>#  arbol con 3 elementos - maxId 7.
20>El jugador con mayor id en el árbol es: 
Jugador 7:  Luis, Uruguay, 21 años
Jugada: 1 
Movimientos: Izquierda Izquierda Izquierda Izquierda 
21>#  -- Cuarto jugador Andres 8 --.
22>23>24>25>26>#  -- Quinto jugador Emilia 2 --.
27>28>29>30>31>#  -- Sexto jugador Ines 10 --.
32>33>34>35>36>#  -- Septimo jugador Isabel 3 --.
37>38>39>40>41>#  arbol con 7 elementos - maxId 10.
42>El jugador con mayor id en el árbol es: 
Jugador 10:  Ines, Uruguay, 21 años
Jugada: 1 
Movimientos: Izquierda Izquierda Arriba Arriba 
43>#  arbol con 7 elementos.
44>Jugador 1:  Juan, Uruguay, 21 años
Jugada: 1 
Movimientos: Derecha Izquierda Arriba Abajo 
Jugador 2:  Emmilia, Uruguay, 21 años
Jugada: 1 
Movimientos: Derecha Derecha Derecha Derecha 
Jugador 3:  Isabel, Uruguay, 26 años
Jugada: 1 
Movimientos: Abajo Abajo Abajo Abajo 
Jugador 5:  Roberto, Brasil, 19 años
Jugada: 1 
Movimientos: Abajo Arriba Izquierda Derecha 
Jugador 7:  Luis, Uruguay, 21 años
Jugada: 1 
Movimientos: Izquierda Izquierda Izquierda Izquierda 
Jugador 8:  Andres, Uruguay, 19 años
Jugada: 1 
Movimientos: Arriba Arriba Arriba Arriba 
Jugador 10:  Ines, Uruguay, 21 años
Jugada: 1 
Movimientos: Izquierda Izquierda Arriba Arriba 
45>#  remuevo la persona 3.
46>47>Jugador 1:  Juan, Uruguay, 21 años
Jugada: 1 
Movimientos: Derecha Izquierda Arriba Abajo 
Jugador 2:  Emmilia, Uruguay, 21 años
Jugada: 1 
Movimientos: Derecha Derecha Derecha Derecha 
Jugador 5:  Roberto, Brasil, 19 años
Jugada: 1 
Movimientos: Abajo Arriba Izquierda Derecha 
Jugador 7:  Luis, Uruguay, 21 años
Jugada: 1 
Movimientos: Izquierda Izquierda Izquierda Izquierda 
Jugador 8:  Andres, Uruguay, 19 años
Jugada: 1 
Movimientos: Arriba Arriba Arriba Arriba 
Jugador 10:  Ines, Uruguay, 21 años
Jugada: 1 
Movimientos: Izquierda Izquierda Arriba Arriba 
48>#  remuevo la persona 2.
49>50>Jugador 1:  Juan, Uruguay, 21 años
Jugada: 1 
Movimientos: Derecha Izquierda Arriba Abajo 
Jugador 5:  Roberto, Brasil, 19 años
Jugada: 1 
Movimientos: Abajo Arriba Izquierda Derecha 
Jugador 7:  Luis, Uruguay, 21 años
Jugada: 1 
Movimientos: Izquierda Izquierda Izquierda Izquierda 
Jugador 8:  Andres, Uruguay, 19 años
Jugada: 1 
Movimientos: Arriba Arriba Arriba Arriba 
Jugador 10:  Ines, Uruguay, 21 años
Jugada: 1 
Movimientos: Izquierda Izquierda Arriba Arriba 
51>#  remuevo la persona 10.
52>53>#  arbol con 4 elementos - maxId 8.
54>El jugador con mayor id en el árbol es: 
Jugador 8:  Andres, Uruguay, 19 años
Jugada: 1 
Movimientos: Arriba Arriba Arriba Arriba 
55>#  -- Quinto jugador Augusto 30 --.
56>57>58>59>60>La cantidad de jugadores en el árbol es: 5.
61>Jugador 1:  Juan, Uruguay, 21 años
Jugada: 1 
Movimientos: Derecha Izquierda Arriba Abajo 
Jugador 5:  Roberto, Brasil, 19 años
Jugada: 1 
Movimientos: Abajo Arriba Izquierda Derecha 
Jugador 7:  Luis, Uruguay, 21 años
Jugada: 1 
Movimientos: Izquierda Izquierda Izquierda Izquierda 
Jugador 8:  Andres, Uruguay, 19 años
Jugada: 1 
Movimientos: Arriba Arriba Arriba Arriba 
Jugador 30:  Augusto, Uruguay, 26 años
Jugada: 1 
Movimientos: Izquierda Izquierda Arriba Abajo 
62>63>Fin.
