1>2>#  --- Creamos ListaLDE de 4 jugadores ---.
3>4>5>6>7>8>9>10>11>12>13>14>15>16>17>18>19>20>21>22>23>24>25>26>27>28>29>30>31>32>33>34>35>#  ------ fin crear ListaJugadoresLDE --------.
36>La cantidad de jugadores en la lista es: 4.
37>Jugador 8:  Andres, Argentina, 21 años
Jugada: 2 
Movimientos: Izquierda Izquierda Izquierda Izquierda 
Jugada: 3 
Movimientos: Izquierda Arriba Abajo Abajo 
Jugada: 4 
Movimientos: Arriba Arriba Izquierda Izquierda 
5/1/2023
Jugador 7:  Luis, Uruguay, 21 años
Jugada: 1 
Movimientos: Derecha Derecha Derecha Derecha 
Jugada: 2 
Movimientos: Izquierda Izquierda Izquierda Izquierda 
Jugada: 3 
Movimientos: Izquierda Arriba Abajo Abajo 
1/1/2023
Jugador 5:  Roberto, Brasil, 19 años
Jugada: 1 
Movimientos: Abajo Arriba Izquierda Derecha 
Jugada: 2 
Movimientos: Izquierda Izquierda Arriba Abajo 
Jugada: 3 
Movimientos: Arriba Izquierda Izquierda Derecha 
5/12/2022
Jugador 10:  Juan, Uruguay, 21 años
Jugada: 1 
Movimientos: Derecha Izquierda Arriba Abajo 
1/12/2022
38>#  ------ Union con lista vacía ------.
39>40>#  Imprimimos cantidad Jugadores.
41>La cantidad de jugadores en la lista es: 4.
42>#  Imprimimos Jugadores ordenados.
43>Jugador 10:  Juan, Uruguay, 21 años
Jugada: 1 
Movimientos: Derecha Izquierda Arriba Abajo 
1/12/2022
Jugador 5:  Roberto, Brasil, 19 años
Jugada: 1 
Movimientos: Abajo Arriba Izquierda Derecha 
Jugada: 2 
Movimientos: Izquierda Izquierda Arriba Abajo 
Jugada: 3 
Movimientos: Arriba Izquierda Izquierda Derecha 
5/12/2022
Jugador 7:  Luis, Uruguay, 21 años
Jugada: 1 
Movimientos: Derecha Derecha Derecha Derecha 
Jugada: 2 
Movimientos: Izquierda Izquierda Izquierda Izquierda 
Jugada: 3 
Movimientos: Izquierda Arriba Abajo Abajo 
1/1/2023
Jugador 8:  Andres, Argentina, 21 años
Jugada: 2 
Movimientos: Izquierda Izquierda Izquierda Izquierda 
Jugada: 3 
Movimientos: Izquierda Arriba Abajo Abajo 
Jugada: 4 
Movimientos: Arriba Arriba Izquierda Izquierda 
5/1/2023
44>#  ------ Union con lista NO vacía ------.
45>#  crearYUnirListaJugadores.
46>#  Luego de UNIR con ListaJugadores NO vacía.
47>#  Imprimimos cantidad Jugadores.
48>#  imprimirCantidadListaJugadores.
49>#  Imprimimos Jugadores ordenados.
50>#  imprimirMenorAMayorTJugadoresLDE.
51>52>Fin.
