1>2>#  -- Primer jugador Juan 5 --.
3>4>5>6>7>#  arbol con 1 elemento, es perfecto.
8>El árbol de jugadores es perfecto.
9>#  -- Segundo jugador Roberto 10 --.
10>11>12>13>14>#  -- Tercer jugador Luis 2 --.
15>16>17>18>19>#  -- Cuarto jugador Andres 25 --.
20>21>22>23>24>#  -- Quinto jugador Emilia 7 --.
25>26>27>28>29>#  arbol de altura 3.
30>La altura del árbol de jugadores es: 3.
31>#  remuevo la raiz, queda el 2 de raiz.
32>33>#  arbol de altura 3.
34>La altura del árbol de jugadores es: 3.
35>#  arbol solo con subarbol derecho, no es perfecto.
36>El árbol de jugadores NO es perfecto.
37>#  remuevo la raiz, me quedo con subarbol derecho.
38>39>#  arbol con 3 elementos.
40>La cantidad de jugadores en el árbol es: 3.
41>#  arbol de altura 2.
42>La altura del árbol de jugadores es: 2.
43>#  arbol perfecto.
44>El árbol de jugadores es perfecto.
45>#  -- Sexto jugador Ines 1 --.
46>47>48>49>50>#  -- Septimo jugador Isabel 3 --.
51>52>53>54>55>#  arbol de altura 4.
56>La altura del árbol de jugadores es: 4.
57>#  arbol NO es perfecto.
58>El árbol de jugadores NO es perfecto.
59>#  remuevo el jugador 7.
60>61>#  remuevo el jugador 1.
62>63>#  arbol con 3 elementos.
64>La cantidad de jugadores en el árbol es: 3.
65>#  arbol perfecto.
66>El árbol de jugadores es perfecto.
67>68>Fin.
