1>2>#  Creamos ListaLDE de 3 jugadores.
3>4>5>6>7>8>9>10>11>12>13>14>15>16>17>18>19>20>21>22>23>24>25>26>27>28>29>30>#  Imprimir cantidad de jugadores.
31>La cantidad de jugadores en la lista es: 3.
32>#  Imprimir lista completa.
33>Jugador 8:  Andres, Argentina, 21 años
Jugada: 2 
Movimientos: Izquierda Izquierda Izquierda Izquierda 
Jugada: 3 
Movimientos: Izquierda Arriba Abajo Abajo 
Jugada: 4 
Movimientos: Arriba Arriba Izquierda Izquierda 
5/1/2023
Jugador 7:  Luis, Uruguay, 21 años
Jugada: 1 
Movimientos: Derecha Derecha Derecha Derecha 
Jugada: 2 
Movimientos: Izquierda Izquierda Izquierda Izquierda 
Jugada: 3 
Movimientos: Izquierda Arriba Abajo Abajo 
1/1/2023
Jugador 5:  Roberto, Brasil, 19 años
Jugada: 1 
Movimientos: Abajo Arriba Izquierda Derecha 
Jugada: 2 
Movimientos: Izquierda Izquierda Arriba Abajo 
Jugada: 3 
Movimientos: Arriba Izquierda Izquierda Derecha 
5/12/2022
34>#  elimino el inicio, es decir Andres.
35>36>#  lista sin el jugador Andres.
37>Jugador 7:  Luis, Uruguay, 21 años
Jugada: 1 
Movimientos: Derecha Derecha Derecha Derecha 
Jugada: 2 
Movimientos: Izquierda Izquierda Izquierda Izquierda 
Jugada: 3 
Movimientos: Izquierda Arriba Abajo Abajo 
1/1/2023
Jugador 5:  Roberto, Brasil, 19 años
Jugada: 1 
Movimientos: Abajo Arriba Izquierda Derecha 
Jugada: 2 
Movimientos: Izquierda Izquierda Arriba Abajo 
Jugada: 3 
Movimientos: Arriba Izquierda Izquierda Derecha 
5/12/2022
38>#  elimino el final, es decir Roberto.
39>40>#  debe quedar solo 1 jugador en la LDE.
41>La cantidad de jugadores en la lista es: 1.
42>#  debe quedar solo la persona Luis en la lista.
43>Jugador 7:  Luis, Uruguay, 21 años
Jugada: 1 
Movimientos: Derecha Derecha Derecha Derecha 
Jugada: 2 
Movimientos: Izquierda Izquierda Izquierda Izquierda 
Jugada: 3 
Movimientos: Izquierda Arriba Abajo Abajo 
1/1/2023
44>#  elimino el inicio, la lista queda vacia.
45>46>#  no se debe imprimir nada.
47>48>49>50>51>52>53>#  ahora debe haber solo 1 solo jugador en la Lista.
54>Jugador 10:  Pedro, Uruguay, 17 años
Jugada: 1 
Movimientos: Arriba Arriba Arriba Arriba 
5/1/2023
55>56>Fin.
